./app.js
./app.scss
./components/iconfont/iconfont.css
./components/trackable/index.js
./components/trackable/replay.js
./components/trackable/Trackable.js
./views/graph/actions.js
./views/graph/components/graph/index.js
./views/graph/components/graph/index.scss
./views/graph/components/toolbar/GraphTool.js
./views/graph/components/toolbar/GraphTool.scss
./views/graph/components/toolbar/index.js
./views/graph/components/toolbar/index.scss
./views/graph/components/toolbar/LayoutTool.js
./views/graph/components/toolbar/LayoutTool.scss
./views/graph/constants.js
./views/graph/index.js
./views/graph/index.scss
./views/graph/mockdata/graph-1.js
./views/graph/mockdata/graph-2.js
./views/graph/mockdata/graph-3.js
./views/graph/reducers.js
../node_modules/vis/index-network.js
../node_modules/vis/lib/module/uuid.js
../node_modules/vis/lib/network/modules/Canvas.js
../node_modules/vis/lib/network/modules/CanvasRenderer.js
../node_modules/vis/lib/network/modules/components/edges/StraightEdge.js
../node_modules/vis/lib/network/modules/components/edges/util/EdgeBase.js
../node_modules/vis/lib/network/modules/components/nodes/shapes/Box.js
../node_modules/vis/lib/network/modules/components/nodes/shapes/Circle.js
../node_modules/vis/lib/network/modules/components/shared/Label.js
../node_modules/vis/lib/network/modules/EdgesHandler.js
../node_modules/vis/lib/network/modules/InteractionHandler.js
../node_modules/vis/lib/network/modules/LayoutEngine.js
../node_modules/vis/lib/network/modules/NodesHandler.js
../node_modules/vis/lib/network/modules/SelectionHandler.js
../node_modules/vis/lib/network/modules/View.js
../node_modules/vis/lib/network/Network.js
../node_modules/vis/lib/network/shapes.js
../node_modules/vis/lib/util.js
